--------------------------------------------------------------------------------------
Timing Analyzer Summary
--------------------------------------------------------------------------------------

Type           : Worst-case tco
Slack          : N/A
Required Time  : None
Actual Time    : 20.800 ns
From           : monster3:inst|col_Red[2]
To             : COL[2]
From Clock     : CLOCK
To Clock       : --
Failed Paths   : 0

Type           : Clock Setup: 'CLOCK'
Slack          : N/A
Required Time  : None
Actual Time    : 36.36 MHz ( period = 27.500 ns )
From           : loopcountingg:inst2|present_state[0]
To             : monster3:inst|cnt2[2]
From Clock     : CLOCK
To Clock       : CLOCK
Failed Paths   : 0

Type           : Total number of failed paths
Slack          : 
Required Time  : 
Actual Time    : 
From           : 
To             : 
From Clock     : 
To Clock       : 
Failed Paths   : 0

--------------------------------------------------------------------------------------

