--------------------------------------------------------------------------------------
Timing Analyzer Summary
--------------------------------------------------------------------------------------

Type           : Worst-case tsu
Slack          : N/A
Required Time  : None
Actual Time    : 14.000 ns
From           : x[1]
To             : cnt1[2]
From Clock     : --
To Clock       : CLK
Failed Paths   : 0

Type           : Worst-case tco
Slack          : N/A
Required Time  : None
Actual Time    : 14.700 ns
From           : row_Green[0]~reg0
To             : row_Green[0]
From Clock     : CLK
To Clock       : --
Failed Paths   : 0

Type           : Worst-case th
Slack          : N/A
Required Time  : None
Actual Time    : -0.800 ns
From           : x[1]
To             : cnt2[0]
From Clock     : --
To Clock       : CLK
Failed Paths   : 0

Type           : Clock Setup: 'CLK'
Slack          : N/A
Required Time  : None
Actual Time    : 70.42 MHz ( period = 14.200 ns )
From           : cnt3[0]
To             : row_Green[2]~reg0
From Clock     : CLK
To Clock       : CLK
Failed Paths   : 0

Type           : Total number of failed paths
Slack          : 
Required Time  : 
Actual Time    : 
From           : 
To             : 
From Clock     : 
To Clock       : 
Failed Paths   : 0

--------------------------------------------------------------------------------------

