--------------------------------------------------------------------------------------
Timing Analyzer Summary
--------------------------------------------------------------------------------------

Type           : Worst-case tco
Slack          : N/A
Required Time  : None
Actual Time    : 18.900 ns
From           : monster1:inst|row_Green[7]
To             : ROW_S[7]
From Clock     : CLOCK
To Clock       : --
Failed Paths   : 0

Type           : Clock Setup: 'CLOCK'
Slack          : N/A
Required Time  : None
Actual Time    : 34.01 MHz ( period = 29.400 ns )
From           : loopcountingg:inst2|present_state[1]
To             : monster1:inst|cnt4[0]
From Clock     : CLOCK
To Clock       : CLOCK
Failed Paths   : 0

Type           : Total number of failed paths
Slack          : 
Required Time  : 
Actual Time    : 
From           : 
To             : 
From Clock     : 
To Clock       : 
Failed Paths   : 0

--------------------------------------------------------------------------------------

