Classic Timing Analyzer report for 8X8
Thu Jun 07 20:13:13 2018
Quartus II Version 7.2 Build 203 02/05/2008 Service Pack 2 SJ Web Edition


---------------------
; Table of Contents ;
---------------------
  1. Legal Notice
  2. Timing Analyzer Summary
  3. Timing Analyzer Settings
  4. Clock Settings Summary
  5. Clock Setup: 'CLOCK'
  6. tco
  7. Timing Analyzer Messages



----------------
; Legal Notice ;
----------------
Copyright (C) 1991-2007 Altera Corporation
Your use of Altera Corporation's design tools, logic functions 
and other software and tools, and its AMPP partner logic 
functions, and any output files from any of the foregoing 
(including device programming or simulation files), and any 
associated documentation or information are expressly subject 
to the terms and conditions of the Altera Program License 
Subscription Agreement, Altera MegaCore Function License 
Agreement, or other applicable license agreement, including, 
without limitation, that your use is for the sole purpose of 
programming logic devices manufactured by Altera and sold by 
Altera or its authorized distributors.  Please refer to the 
applicable agreement for further details.



+-----------------------------------------------------------------------------------------------------------------------------------------------------------------------------------------------+
; Timing Analyzer Summary                                                                                                                                                                       ;
+------------------------------+-------+---------------+----------------------------------+--------------------------------------+-----------------------+------------+----------+--------------+
; Type                         ; Slack ; Required Time ; Actual Time                      ; From                                 ; To                    ; From Clock ; To Clock ; Failed Paths ;
+------------------------------+-------+---------------+----------------------------------+--------------------------------------+-----------------------+------------+----------+--------------+
; Worst-case tco               ; N/A   ; None          ; 18.900 ns                        ; monster1:inst|row_Green[7]           ; ROW_S[7]              ; CLOCK      ; --       ; 0            ;
; Clock Setup: 'CLOCK'         ; N/A   ; None          ; 34.01 MHz ( period = 29.400 ns ) ; loopcountingg:inst2|present_state[1] ; monster1:inst|cnt4[0] ; CLOCK      ; CLOCK    ; 0            ;
; Total number of failed paths ;       ;               ;                                  ;                                      ;                       ;            ;          ; 0            ;
+------------------------------+-------+---------------+----------------------------------+--------------------------------------+-----------------------+------------+----------+--------------+


+---------------------------------------------------------------------------------------------------------------+
; Timing Analyzer Settings                                                                                      ;
+----------------------------------------------------------------+--------------------+------+----+-------------+
; Option                                                         ; Setting            ; From ; To ; Entity Name ;
+----------------------------------------------------------------+--------------------+------+----+-------------+
; Device Name                                                    ; EPF10K30ATC144-3   ;      ;    ;             ;
; Timing Models                                                  ; Final              ;      ;    ;             ;
; Default hold multicycle                                        ; Same as Multicycle ;      ;    ;             ;
; Cut paths between unrelated clock domains                      ; On                 ;      ;    ;             ;
; Cut off read during write signal paths                         ; On                 ;      ;    ;             ;
; Cut off feedback from I/O pins                                 ; On                 ;      ;    ;             ;
; Report Combined Fast/Slow Timing                               ; Off                ;      ;    ;             ;
; Ignore Clock Settings                                          ; Off                ;      ;    ;             ;
; Analyze latches as synchronous elements                        ; On                 ;      ;    ;             ;
; Enable Recovery/Removal analysis                               ; Off                ;      ;    ;             ;
; Enable Clock Latency                                           ; Off                ;      ;    ;             ;
; Use TimeQuest Timing Analyzer                                  ; Off                ;      ;    ;             ;
; Number of source nodes to report per destination node          ; 10                 ;      ;    ;             ;
; Number of destination nodes to report                          ; 10                 ;      ;    ;             ;
; Number of paths to report                                      ; 200                ;      ;    ;             ;
; Report Minimum Timing Checks                                   ; Off                ;      ;    ;             ;
; Use Fast Timing Models                                         ; Off                ;      ;    ;             ;
; Report IO Paths Separately                                     ; Off                ;      ;    ;             ;
; Perform Multicorner Analysis                                   ; Off                ;      ;    ;             ;
; Reports the worst-case path for each clock domain and analysis ; Off                ;      ;    ;             ;
+----------------------------------------------------------------+--------------------+------+----+-------------+


+------------------------------------------------------------------------------------------------------------------------------------------------------------------------------------+
; Clock Settings Summary                                                                                                                                                             ;
+-----------------+--------------------+----------+------------------+---------------+--------------+----------+-----------------------+---------------------+--------+--------------+
; Clock Node Name ; Clock Setting Name ; Type     ; Fmax Requirement ; Early Latency ; Late Latency ; Based on ; Multiply Base Fmax by ; Divide Base Fmax by ; Offset ; Phase offset ;
+-----------------+--------------------+----------+------------------+---------------+--------------+----------+-----------------------+---------------------+--------+--------------+
; CLOCK           ;                    ; User Pin ; None             ; 0.000 ns      ; 0.000 ns     ; --       ; N/A                   ; N/A                 ; N/A    ;              ;
+-----------------+--------------------+----------+------------------+---------------+--------------+----------+-----------------------+---------------------+--------+--------------+


+-------------------------------------------------------------------------------------------------------------------------------------------------------------------------------------------------------------------------------------------------------------------------------+
; Clock Setup: 'CLOCK'                                                                                                                                                                                                                                                          ;
+-----------------------------------------+-----------------------------------------------------+--------------------------------------+----------------------------+------------+----------+-----------------------------+---------------------------+-------------------------+
; Slack                                   ; Actual fmax (period)                                ; From                                 ; To                         ; From Clock ; To Clock ; Required Setup Relationship ; Required Longest P2P Time ; Actual Longest P2P Time ;
+-----------------------------------------+-----------------------------------------------------+--------------------------------------+----------------------------+------------+----------+-----------------------------+---------------------------+-------------------------+
; N/A                                     ; 34.01 MHz ( period = 29.400 ns )                    ; loopcountingg:inst2|present_state[1] ; monster1:inst|cnt4[2]      ; CLOCK      ; CLOCK    ; None                        ; None                      ; 11.900 ns               ;
; N/A                                     ; 34.01 MHz ( period = 29.400 ns )                    ; loopcountingg:inst2|present_state[1] ; monster1:inst|cnt4[1]      ; CLOCK      ; CLOCK    ; None                        ; None                      ; 11.900 ns               ;
; N/A                                     ; 34.01 MHz ( period = 29.400 ns )                    ; loopcountingg:inst2|present_state[1] ; monster1:inst|cnt4[0]      ; CLOCK      ; CLOCK    ; None                        ; None                      ; 11.900 ns               ;
; N/A                                     ; 34.72 MHz ( period = 28.800 ns )                    ; loopcountingg:inst2|present_state[1] ; monster1:inst|row_Green[4] ; CLOCK      ; CLOCK    ; None                        ; None                      ; 11.300 ns               ;
; N/A                                     ; 34.72 MHz ( period = 28.800 ns )                    ; loopcountingg:inst2|present_state[1] ; monster1:inst|row_Green[6] ; CLOCK      ; CLOCK    ; None                        ; None                      ; 11.300 ns               ;
; N/A                                     ; 34.97 MHz ( period = 28.600 ns )                    ; loopcountingg:inst2|present_state[0] ; monster1:inst|col_Green[0] ; CLOCK      ; CLOCK    ; None                        ; None                      ; 11.100 ns               ;
; N/A                                     ; 35.09 MHz ( period = 28.500 ns )                    ; loopcountingg:inst2|present_state[1] ; monster1:inst|col_Green[0] ; CLOCK      ; CLOCK    ; None                        ; None                      ; 11.000 ns               ;
; N/A                                     ; 35.21 MHz ( period = 28.400 ns )                    ; loopcountingg:inst2|present_state[1] ; monster1:inst|cnt1[2]      ; CLOCK      ; CLOCK    ; None                        ; None                      ; 10.900 ns               ;
; N/A                                     ; 35.46 MHz ( period = 28.200 ns )                    ; loopcountingg:inst2|present_state[0] ; monster1:inst|row_Green[4] ; CLOCK      ; CLOCK    ; None                        ; None                      ; 10.700 ns               ;
; N/A                                     ; 35.46 MHz ( period = 28.200 ns )                    ; loopcountingg:inst2|present_state[0] ; monster1:inst|row_Green[6] ; CLOCK      ; CLOCK    ; None                        ; None                      ; 10.700 ns               ;
; N/A                                     ; 35.59 MHz ( period = 28.100 ns )                    ; loopcountingg:inst2|present_state[0] ; monster1:inst|col_Green[6] ; CLOCK      ; CLOCK    ; None                        ; None                      ; 10.600 ns               ;
; N/A                                     ; 35.71 MHz ( period = 28.000 ns )                    ; loopcountingg:inst2|present_state[1] ; monster1:inst|col_Green[5] ; CLOCK      ; CLOCK    ; None                        ; None                      ; 10.500 ns               ;
; N/A                                     ; 35.84 MHz ( period = 27.900 ns )                    ; loopcountingg:inst2|present_state[1] ; monster1:inst|col_Green[3] ; CLOCK      ; CLOCK    ; None                        ; None                      ; 10.400 ns               ;
; N/A                                     ; 35.84 MHz ( period = 27.900 ns )                    ; loopcountingg:inst2|present_state[1] ; monster1:inst|col_Green[4] ; CLOCK      ; CLOCK    ; None                        ; None                      ; 10.400 ns               ;
; N/A                                     ; 35.84 MHz ( period = 27.900 ns )                    ; loopcountingg:inst2|present_state[0] ; monster1:inst|row_Green[2] ; CLOCK      ; CLOCK    ; None                        ; None                      ; 10.400 ns               ;
; N/A                                     ; 35.97 MHz ( period = 27.800 ns )                    ; loopcountingg:inst2|present_state[1] ; monster1:inst|col_Red[2]   ; CLOCK      ; CLOCK    ; None                        ; None                      ; 10.300 ns               ;
; N/A                                     ; 35.97 MHz ( period = 27.800 ns )                    ; loopcountingg:inst2|present_state[1] ; monster1:inst|col_Red[5]   ; CLOCK      ; CLOCK    ; None                        ; None                      ; 10.300 ns               ;
; N/A                                     ; 35.97 MHz ( period = 27.800 ns )                    ; loopcountingg:inst2|present_state[1] ; monster1:inst|col_Green[2] ; CLOCK      ; CLOCK    ; None                        ; None                      ; 10.300 ns               ;
; N/A                                     ; 36.10 MHz ( period = 27.700 ns )                    ; loopcountingg:inst2|present_state[0] ; monster1:inst|col_Green[5] ; CLOCK      ; CLOCK    ; None                        ; None                      ; 10.200 ns               ;
; N/A                                     ; 36.10 MHz ( period = 27.700 ns )                    ; loopcountingg:inst2|present_state[1] ; monster1:inst|row_Green[2] ; CLOCK      ; CLOCK    ; None                        ; None                      ; 10.200 ns               ;
; N/A                                     ; 36.23 MHz ( period = 27.600 ns )                    ; loopcountingg:inst2|present_state[0] ; monster1:inst|row_Green[5] ; CLOCK      ; CLOCK    ; None                        ; None                      ; 10.100 ns               ;
; N/A                                     ; 37.04 MHz ( period = 27.000 ns )                    ; loopcountingg:inst2|present_state[1] ; monster1:inst|row_Green[7] ; CLOCK      ; CLOCK    ; None                        ; None                      ; 9.500 ns                ;
; N/A                                     ; 37.04 MHz ( period = 27.000 ns )                    ; loopcountingg:inst2|present_state[0] ; monster1:inst|cnt4[2]      ; CLOCK      ; CLOCK    ; None                        ; None                      ; 9.500 ns                ;
; N/A                                     ; 37.04 MHz ( period = 27.000 ns )                    ; loopcountingg:inst2|present_state[0] ; monster1:inst|cnt4[1]      ; CLOCK      ; CLOCK    ; None                        ; None                      ; 9.500 ns                ;
; N/A                                     ; 37.04 MHz ( period = 27.000 ns )                    ; loopcountingg:inst2|present_state[0] ; monster1:inst|cnt4[0]      ; CLOCK      ; CLOCK    ; None                        ; None                      ; 9.500 ns                ;
; N/A                                     ; 37.17 MHz ( period = 26.900 ns )                    ; loopcountingg:inst2|present_state[1] ; monster1:inst|cnt1[0]      ; CLOCK      ; CLOCK    ; None                        ; None                      ; 9.400 ns                ;
; N/A                                     ; 37.17 MHz ( period = 26.900 ns )                    ; loopcountingg:inst2|present_state[1] ; monster1:inst|cnt1[1]      ; CLOCK      ; CLOCK    ; None                        ; None                      ; 9.400 ns                ;
; N/A                                     ; 37.17 MHz ( period = 26.900 ns )                    ; loopcountingg:inst2|present_state[1] ; monster1:inst|col_Green[7] ; CLOCK      ; CLOCK    ; None                        ; None                      ; 9.400 ns                ;
; N/A                                     ; 37.31 MHz ( period = 26.800 ns )                    ; loopcountingg:inst2|present_state[0] ; monster1:inst|col_Green[7] ; CLOCK      ; CLOCK    ; None                        ; None                      ; 9.300 ns                ;
; N/A                                     ; 37.31 MHz ( period = 26.800 ns )                    ; loopcountingg:inst2|present_state[1] ; monster1:inst|row_Green[3] ; CLOCK      ; CLOCK    ; None                        ; None                      ; 9.300 ns                ;
; N/A                                     ; 37.31 MHz ( period = 26.800 ns )                    ; loopcountingg:inst2|present_state[0] ; monster1:inst|row_Green[7] ; CLOCK      ; CLOCK    ; None                        ; None                      ; 9.300 ns                ;
; N/A                                     ; 37.45 MHz ( period = 26.700 ns )                    ; loopcountingg:inst2|present_state[1] ; monster1:inst|row_Green[1] ; CLOCK      ; CLOCK    ; None                        ; None                      ; 9.200 ns                ;
; N/A                                     ; 37.45 MHz ( period = 26.700 ns )                    ; loopcountingg:inst2|present_state[0] ; monster1:inst|row_Green[3] ; CLOCK      ; CLOCK    ; None                        ; None                      ; 9.200 ns                ;
; N/A                                     ; 37.45 MHz ( period = 26.700 ns )                    ; loopcountingg:inst2|present_state[1] ; monster1:inst|cnt2[2]      ; CLOCK      ; CLOCK    ; None                        ; None                      ; 9.200 ns                ;
; N/A                                     ; 37.45 MHz ( period = 26.700 ns )                    ; loopcountingg:inst2|present_state[1] ; monster1:inst|cnt2[1]      ; CLOCK      ; CLOCK    ; None                        ; None                      ; 9.200 ns                ;
; N/A                                     ; 37.59 MHz ( period = 26.600 ns )                    ; loopcountingg:inst2|present_state[1] ; monster1:inst|cnt2[0]      ; CLOCK      ; CLOCK    ; None                        ; None                      ; 9.100 ns                ;
; N/A                                     ; 37.74 MHz ( period = 26.500 ns )                    ; loopcountingg:inst2|present_state[1] ; monster1:inst|col_Green[6] ; CLOCK      ; CLOCK    ; None                        ; None                      ; 9.000 ns                ;
; N/A                                     ; 37.74 MHz ( period = 26.500 ns )                    ; loopcountingg:inst2|present_state[0] ; monster1:inst|row_Green[1] ; CLOCK      ; CLOCK    ; None                        ; None                      ; 9.000 ns                ;
; N/A                                     ; 37.88 MHz ( period = 26.400 ns )                    ; loopcountingg:inst2|present_state[0] ; monster1:inst|col_Green[4] ; CLOCK      ; CLOCK    ; None                        ; None                      ; 8.900 ns                ;
; N/A                                     ; 38.02 MHz ( period = 26.300 ns )                    ; loopcountingg:inst2|present_state[0] ; monster1:inst|col_Green[3] ; CLOCK      ; CLOCK    ; None                        ; None                      ; 8.800 ns                ;
; N/A                                     ; 38.02 MHz ( period = 26.300 ns )                    ; loopcountingg:inst2|present_state[0] ; monster1:inst|row_Green[0] ; CLOCK      ; CLOCK    ; None                        ; None                      ; 8.800 ns                ;
; N/A                                     ; 38.17 MHz ( period = 26.200 ns )                    ; loopcountingg:inst2|present_state[0] ; monster1:inst|col_Red[2]   ; CLOCK      ; CLOCK    ; None                        ; None                      ; 8.700 ns                ;
; N/A                                     ; 38.17 MHz ( period = 26.200 ns )                    ; loopcountingg:inst2|present_state[0] ; monster1:inst|col_Red[3]   ; CLOCK      ; CLOCK    ; None                        ; None                      ; 8.700 ns                ;
; N/A                                     ; 38.17 MHz ( period = 26.200 ns )                    ; loopcountingg:inst2|present_state[0] ; monster1:inst|col_Red[4]   ; CLOCK      ; CLOCK    ; None                        ; None                      ; 8.700 ns                ;
; N/A                                     ; 38.17 MHz ( period = 26.200 ns )                    ; loopcountingg:inst2|present_state[0] ; monster1:inst|col_Green[1] ; CLOCK      ; CLOCK    ; None                        ; None                      ; 8.700 ns                ;
; N/A                                     ; 38.31 MHz ( period = 26.100 ns )                    ; loopcountingg:inst2|present_state[1] ; monster1:inst|col_Red[3]   ; CLOCK      ; CLOCK    ; None                        ; None                      ; 8.600 ns                ;
; N/A                                     ; 38.31 MHz ( period = 26.100 ns )                    ; loopcountingg:inst2|present_state[1] ; monster1:inst|col_Red[4]   ; CLOCK      ; CLOCK    ; None                        ; None                      ; 8.600 ns                ;
; N/A                                     ; 38.31 MHz ( period = 26.100 ns )                    ; loopcountingg:inst2|present_state[0] ; monster1:inst|col_Red[5]   ; CLOCK      ; CLOCK    ; None                        ; None                      ; 8.600 ns                ;
; N/A                                     ; 38.31 MHz ( period = 26.100 ns )                    ; loopcountingg:inst2|present_state[1] ; monster1:inst|col_Green[1] ; CLOCK      ; CLOCK    ; None                        ; None                      ; 8.600 ns                ;
; N/A                                     ; 38.31 MHz ( period = 26.100 ns )                    ; loopcountingg:inst2|present_state[0] ; monster1:inst|col_Green[2] ; CLOCK      ; CLOCK    ; None                        ; None                      ; 8.600 ns                ;
; N/A                                     ; 38.31 MHz ( period = 26.100 ns )                    ; loopcountingg:inst2|present_state[1] ; monster1:inst|row_Green[0] ; CLOCK      ; CLOCK    ; None                        ; None                      ; 8.600 ns                ;
; N/A                                     ; 38.46 MHz ( period = 26.000 ns )                    ; loopcountingg:inst2|present_state[0] ; monster1:inst|cnt1[2]      ; CLOCK      ; CLOCK    ; None                        ; None                      ; 8.500 ns                ;
; N/A                                     ; 38.46 MHz ( period = 26.000 ns )                    ; loopcountingg:inst2|present_state[1] ; monster1:inst|row_Green[5] ; CLOCK      ; CLOCK    ; None                        ; None                      ; 8.500 ns                ;
; N/A                                     ; 39.06 MHz ( period = 25.600 ns )                    ; loopcountingg:inst2|present_state[0] ; monster1:inst|cnt2[2]      ; CLOCK      ; CLOCK    ; None                        ; None                      ; 8.100 ns                ;
; N/A                                     ; 39.06 MHz ( period = 25.600 ns )                    ; loopcountingg:inst2|present_state[0] ; monster1:inst|cnt2[1]      ; CLOCK      ; CLOCK    ; None                        ; None                      ; 8.100 ns                ;
; N/A                                     ; 40.82 MHz ( period = 24.500 ns )                    ; loopcountingg:inst2|present_state[0] ; monster1:inst|cnt1[0]      ; CLOCK      ; CLOCK    ; None                        ; None                      ; 7.000 ns                ;
; N/A                                     ; 40.82 MHz ( period = 24.500 ns )                    ; loopcountingg:inst2|present_state[0] ; monster1:inst|cnt1[1]      ; CLOCK      ; CLOCK    ; None                        ; None                      ; 7.000 ns                ;
; N/A                                     ; 41.15 MHz ( period = 24.300 ns )                    ; loopcountingg:inst2|present_state[1] ; monster1:inst|cnt3[2]      ; CLOCK      ; CLOCK    ; None                        ; None                      ; 6.800 ns                ;
; N/A                                     ; 41.32 MHz ( period = 24.200 ns )                    ; loopcountingg:inst2|present_state[0] ; monster1:inst|cnt2[0]      ; CLOCK      ; CLOCK    ; None                        ; None                      ; 6.700 ns                ;
; N/A                                     ; 41.32 MHz ( period = 24.200 ns )                    ; loopcountingg:inst2|present_state[0] ; monster1:inst|cnt3[2]      ; CLOCK      ; CLOCK    ; None                        ; None                      ; 6.700 ns                ;
; N/A                                     ; 44.25 MHz ( period = 22.600 ns )                    ; loopcountingg:inst2|present_state[1] ; monster1:inst|cnt3[1]      ; CLOCK      ; CLOCK    ; None                        ; None                      ; 5.100 ns                ;
; N/A                                     ; 44.44 MHz ( period = 22.500 ns )                    ; loopcountingg:inst2|present_state[1] ; monster1:inst|cnt3[0]      ; CLOCK      ; CLOCK    ; None                        ; None                      ; 5.000 ns                ;
; N/A                                     ; 45.66 MHz ( period = 21.900 ns )                    ; loopcountingg:inst2|present_state[0] ; monster1:inst|cnt3[1]      ; CLOCK      ; CLOCK    ; None                        ; None                      ; 4.400 ns                ;
; N/A                                     ; 45.87 MHz ( period = 21.800 ns )                    ; loopcountingg:inst2|present_state[0] ; monster1:inst|cnt3[0]      ; CLOCK      ; CLOCK    ; None                        ; None                      ; 4.300 ns                ;
; N/A                                     ; 61.35 MHz ( period = 16.300 ns )                    ; monster1:inst|cnt3[2]                ; monster1:inst|col_Green[6] ; CLOCK      ; CLOCK    ; None                        ; None                      ; 14.200 ns               ;
; N/A                                     ; 62.89 MHz ( period = 15.900 ns )                    ; monster1:inst|cnt3[1]                ; monster1:inst|col_Green[0] ; CLOCK      ; CLOCK    ; None                        ; None                      ; 13.800 ns               ;
; N/A                                     ; 62.89 MHz ( period = 15.900 ns )                    ; monster1:inst|cnt3[1]                ; monster1:inst|row_Green[2] ; CLOCK      ; CLOCK    ; None                        ; None                      ; 13.800 ns               ;
; N/A                                     ; 62.89 MHz ( period = 15.900 ns )                    ; monster1:inst|cnt3[0]                ; monster1:inst|row_Green[6] ; CLOCK      ; CLOCK    ; None                        ; None                      ; 13.800 ns               ;
; N/A                                     ; 62.89 MHz ( period = 15.900 ns )                    ; monster1:inst|cnt3[2]                ; monster1:inst|row_Green[6] ; CLOCK      ; CLOCK    ; None                        ; None                      ; 13.800 ns               ;
; N/A                                     ; 63.69 MHz ( period = 15.700 ns )                    ; monster1:inst|cnt2[0]                ; monster1:inst|row_Green[5] ; CLOCK      ; CLOCK    ; None                        ; None                      ; 13.600 ns               ;
; N/A                                     ; 68.49 MHz ( period = 14.600 ns )                    ; monster1:inst|cnt2[0]                ; monster1:inst|col_Green[7] ; CLOCK      ; CLOCK    ; None                        ; None                      ; 12.500 ns               ;
; N/A                                     ; 68.49 MHz ( period = 14.600 ns )                    ; monster1:inst|cnt2[0]                ; monster1:inst|row_Green[3] ; CLOCK      ; CLOCK    ; None                        ; None                      ; 12.500 ns               ;
; N/A                                     ; 68.97 MHz ( period = 14.500 ns )                    ; monster1:inst|cnt3[2]                ; monster1:inst|col_Red[3]   ; CLOCK      ; CLOCK    ; None                        ; None                      ; 12.400 ns               ;
; N/A                                     ; 68.97 MHz ( period = 14.500 ns )                    ; monster1:inst|cnt3[2]                ; monster1:inst|col_Red[4]   ; CLOCK      ; CLOCK    ; None                        ; None                      ; 12.400 ns               ;
; N/A                                     ; 68.97 MHz ( period = 14.500 ns )                    ; monster1:inst|cnt2[2]                ; monster1:inst|col_Green[5] ; CLOCK      ; CLOCK    ; None                        ; None                      ; 12.400 ns               ;
; N/A                                     ; 68.97 MHz ( period = 14.500 ns )                    ; monster1:inst|cnt2[1]                ; monster1:inst|col_Green[5] ; CLOCK      ; CLOCK    ; None                        ; None                      ; 12.400 ns               ;
; N/A                                     ; 68.97 MHz ( period = 14.500 ns )                    ; monster1:inst|cnt3[1]                ; monster1:inst|col_Green[6] ; CLOCK      ; CLOCK    ; None                        ; None                      ; 12.400 ns               ;
; N/A                                     ; 69.93 MHz ( period = 14.300 ns )                    ; monster1:inst|cnt3[0]                ; monster1:inst|col_Green[0] ; CLOCK      ; CLOCK    ; None                        ; None                      ; 12.200 ns               ;
; N/A                                     ; 69.93 MHz ( period = 14.300 ns )                    ; monster1:inst|cnt3[2]                ; monster1:inst|col_Green[0] ; CLOCK      ; CLOCK    ; None                        ; None                      ; 12.200 ns               ;
; N/A                                     ; 69.93 MHz ( period = 14.300 ns )                    ; monster1:inst|cnt3[0]                ; monster1:inst|row_Green[2] ; CLOCK      ; CLOCK    ; None                        ; None                      ; 12.200 ns               ;
; N/A                                     ; 69.93 MHz ( period = 14.300 ns )                    ; monster1:inst|cnt3[2]                ; monster1:inst|row_Green[2] ; CLOCK      ; CLOCK    ; None                        ; None                      ; 12.200 ns               ;
; N/A                                     ; 70.42 MHz ( period = 14.200 ns )                    ; monster1:inst|cnt3[1]                ; monster1:inst|col_Red[2]   ; CLOCK      ; CLOCK    ; None                        ; None                      ; 12.100 ns               ;
; N/A                                     ; 70.92 MHz ( period = 14.100 ns )                    ; monster1:inst|cnt2[2]                ; monster1:inst|row_Green[5] ; CLOCK      ; CLOCK    ; None                        ; None                      ; 12.000 ns               ;
; N/A                                     ; 70.92 MHz ( period = 14.100 ns )                    ; monster1:inst|cnt2[1]                ; monster1:inst|row_Green[5] ; CLOCK      ; CLOCK    ; None                        ; None                      ; 12.000 ns               ;
; N/A                                     ; 70.92 MHz ( period = 14.100 ns )                    ; monster1:inst|cnt3[1]                ; monster1:inst|row_Green[6] ; CLOCK      ; CLOCK    ; None                        ; None                      ; 12.000 ns               ;
; N/A                                     ; 71.43 MHz ( period = 14.000 ns )                    ; monster1:inst|cnt2[0]                ; monster1:inst|col_Red[5]   ; CLOCK      ; CLOCK    ; None                        ; None                      ; 11.900 ns               ;
; N/A                                     ; 71.43 MHz ( period = 14.000 ns )                    ; monster1:inst|cnt2[0]                ; monster1:inst|col_Green[0] ; CLOCK      ; CLOCK    ; None                        ; None                      ; 11.900 ns               ;
; N/A                                     ; 71.43 MHz ( period = 14.000 ns )                    ; monster1:inst|cnt4[2]                ; monster1:inst|col_Green[6] ; CLOCK      ; CLOCK    ; None                        ; None                      ; 11.900 ns               ;
; N/A                                     ; 71.43 MHz ( period = 14.000 ns )                    ; monster1:inst|cnt4[1]                ; monster1:inst|col_Green[6] ; CLOCK      ; CLOCK    ; None                        ; None                      ; 11.900 ns               ;
; N/A                                     ; 71.43 MHz ( period = 14.000 ns )                    ; monster1:inst|cnt2[1]                ; monster1:inst|row_Green[4] ; CLOCK      ; CLOCK    ; None                        ; None                      ; 11.900 ns               ;
; N/A                                     ; 71.43 MHz ( period = 14.000 ns )                    ; monster1:inst|cnt3[1]                ; monster1:inst|row_Green[4] ; CLOCK      ; CLOCK    ; None                        ; None                      ; 11.900 ns               ;
; N/A                                     ; 71.43 MHz ( period = 14.000 ns )                    ; monster1:inst|cnt2[1]                ; monster1:inst|row_Green[6] ; CLOCK      ; CLOCK    ; None                        ; None                      ; 11.900 ns               ;
; N/A                                     ; 71.94 MHz ( period = 13.900 ns )                    ; monster1:inst|cnt4[2]                ; monster1:inst|col_Green[5] ; CLOCK      ; CLOCK    ; None                        ; None                      ; 11.800 ns               ;
; N/A                                     ; 71.94 MHz ( period = 13.900 ns )                    ; monster1:inst|cnt4[1]                ; monster1:inst|col_Green[5] ; CLOCK      ; CLOCK    ; None                        ; None                      ; 11.800 ns               ;
; N/A                                     ; 71.94 MHz ( period = 13.900 ns )                    ; monster1:inst|cnt4[0]                ; monster1:inst|col_Green[5] ; CLOCK      ; CLOCK    ; None                        ; None                      ; 11.800 ns               ;
; N/A                                     ; 71.94 MHz ( period = 13.900 ns )                    ; monster1:inst|cnt4[2]                ; monster1:inst|row_Green[2] ; CLOCK      ; CLOCK    ; None                        ; None                      ; 11.800 ns               ;
; N/A                                     ; 71.94 MHz ( period = 13.900 ns )                    ; monster1:inst|cnt4[1]                ; monster1:inst|row_Green[2] ; CLOCK      ; CLOCK    ; None                        ; None                      ; 11.800 ns               ;
; N/A                                     ; 71.94 MHz ( period = 13.900 ns )                    ; monster1:inst|cnt4[0]                ; monster1:inst|row_Green[2] ; CLOCK      ; CLOCK    ; None                        ; None                      ; 11.800 ns               ;
; N/A                                     ; 71.94 MHz ( period = 13.900 ns )                    ; monster1:inst|cnt2[2]                ; monster1:inst|row_Green[4] ; CLOCK      ; CLOCK    ; None                        ; None                      ; 11.800 ns               ;
; N/A                                     ; 71.94 MHz ( period = 13.900 ns )                    ; monster1:inst|cnt2[2]                ; monster1:inst|row_Green[6] ; CLOCK      ; CLOCK    ; None                        ; None                      ; 11.800 ns               ;
; N/A                                     ; 72.46 MHz ( period = 13.800 ns )                    ; monster1:inst|cnt2[0]                ; monster1:inst|row_Green[4] ; CLOCK      ; CLOCK    ; None                        ; None                      ; 11.700 ns               ;
; N/A                                     ; 72.46 MHz ( period = 13.800 ns )                    ; monster1:inst|cnt2[0]                ; monster1:inst|row_Green[6] ; CLOCK      ; CLOCK    ; None                        ; None                      ; 11.700 ns               ;
; N/A                                     ; 72.99 MHz ( period = 13.700 ns )                    ; monster1:inst|cnt4[2]                ; monster1:inst|col_Green[0] ; CLOCK      ; CLOCK    ; None                        ; None                      ; 11.600 ns               ;
; N/A                                     ; 72.99 MHz ( period = 13.700 ns )                    ; monster1:inst|cnt4[1]                ; monster1:inst|col_Green[0] ; CLOCK      ; CLOCK    ; None                        ; None                      ; 11.600 ns               ;
; N/A                                     ; 72.99 MHz ( period = 13.700 ns )                    ; monster1:inst|cnt4[0]                ; monster1:inst|col_Green[0] ; CLOCK      ; CLOCK    ; None                        ; None                      ; 11.600 ns               ;
; N/A                                     ; 74.63 MHz ( period = 13.400 ns )                    ; monster1:inst|cnt2[0]                ; monster1:inst|row_Green[2] ; CLOCK      ; CLOCK    ; None                        ; None                      ; 11.300 ns               ;
; N/A                                     ; 74.63 MHz ( period = 13.400 ns )                    ; monster1:inst|cnt4[2]                ; monster1:inst|row_Green[4] ; CLOCK      ; CLOCK    ; None                        ; None                      ; 11.300 ns               ;
; N/A                                     ; 74.63 MHz ( period = 13.400 ns )                    ; monster1:inst|cnt4[1]                ; monster1:inst|row_Green[4] ; CLOCK      ; CLOCK    ; None                        ; None                      ; 11.300 ns               ;
; N/A                                     ; 74.63 MHz ( period = 13.400 ns )                    ; monster1:inst|cnt4[0]                ; monster1:inst|row_Green[4] ; CLOCK      ; CLOCK    ; None                        ; None                      ; 11.300 ns               ;
; N/A                                     ; 74.63 MHz ( period = 13.400 ns )                    ; monster1:inst|cnt2[2]                ; monster1:inst|row_Green[7] ; CLOCK      ; CLOCK    ; None                        ; None                      ; 11.300 ns               ;
; N/A                                     ; 74.63 MHz ( period = 13.400 ns )                    ; monster1:inst|cnt2[1]                ; monster1:inst|row_Green[7] ; CLOCK      ; CLOCK    ; None                        ; None                      ; 11.300 ns               ;
; N/A                                     ; 75.76 MHz ( period = 13.200 ns )                    ; monster1:inst|cnt2[1]                ; monster1:inst|row_Green[1] ; CLOCK      ; CLOCK    ; None                        ; None                      ; 11.100 ns               ;
; N/A                                     ; 75.76 MHz ( period = 13.200 ns )                    ; monster1:inst|cnt2[0]                ; monster1:inst|row_Green[7] ; CLOCK      ; CLOCK    ; None                        ; None                      ; 11.100 ns               ;
; N/A                                     ; 76.34 MHz ( period = 13.100 ns )                    ; monster1:inst|cnt2[2]                ; monster1:inst|row_Green[1] ; CLOCK      ; CLOCK    ; None                        ; None                      ; 11.000 ns               ;
; N/A                                     ; 76.92 MHz ( period = 13.000 ns )                    ; monster1:inst|cnt2[1]                ; monster1:inst|col_Green[3] ; CLOCK      ; CLOCK    ; None                        ; None                      ; 10.900 ns               ;
; N/A                                     ; 76.92 MHz ( period = 13.000 ns )                    ; monster1:inst|cnt2[2]                ; monster1:inst|col_Green[7] ; CLOCK      ; CLOCK    ; None                        ; None                      ; 10.900 ns               ;
; N/A                                     ; 76.92 MHz ( period = 13.000 ns )                    ; monster1:inst|cnt2[1]                ; monster1:inst|col_Green[7] ; CLOCK      ; CLOCK    ; None                        ; None                      ; 10.900 ns               ;
; N/A                                     ; 76.92 MHz ( period = 13.000 ns )                    ; monster1:inst|cnt2[0]                ; monster1:inst|row_Green[1] ; CLOCK      ; CLOCK    ; None                        ; None                      ; 10.900 ns               ;
; N/A                                     ; 76.92 MHz ( period = 13.000 ns )                    ; monster1:inst|cnt2[2]                ; monster1:inst|row_Green[3] ; CLOCK      ; CLOCK    ; None                        ; None                      ; 10.900 ns               ;
; N/A                                     ; 76.92 MHz ( period = 13.000 ns )                    ; monster1:inst|cnt2[1]                ; monster1:inst|row_Green[3] ; CLOCK      ; CLOCK    ; None                        ; None                      ; 10.900 ns               ;
; N/A                                     ; 77.52 MHz ( period = 12.900 ns )                    ; monster1:inst|cnt3[1]                ; monster1:inst|row_Green[0] ; CLOCK      ; CLOCK    ; None                        ; None                      ; 10.800 ns               ;
; N/A                                     ; 77.52 MHz ( period = 12.900 ns )                    ; monster1:inst|cnt3[2]                ; monster1:inst|row_Green[0] ; CLOCK      ; CLOCK    ; None                        ; None                      ; 10.800 ns               ;
; N/A                                     ; 78.13 MHz ( period = 12.800 ns )                    ; monster1:inst|cnt2[2]                ; monster1:inst|col_Green[1] ; CLOCK      ; CLOCK    ; None                        ; None                      ; 10.700 ns               ;
; N/A                                     ; 78.13 MHz ( period = 12.800 ns )                    ; monster1:inst|cnt2[1]                ; monster1:inst|col_Green[1] ; CLOCK      ; CLOCK    ; None                        ; None                      ; 10.700 ns               ;
; N/A                                     ; 78.13 MHz ( period = 12.800 ns )                    ; monster1:inst|cnt2[0]                ; monster1:inst|col_Green[3] ; CLOCK      ; CLOCK    ; None                        ; None                      ; 10.700 ns               ;
; N/A                                     ; 78.13 MHz ( period = 12.800 ns )                    ; monster1:inst|cnt3[0]                ; monster1:inst|row_Green[0] ; CLOCK      ; CLOCK    ; None                        ; None                      ; 10.700 ns               ;
; N/A                                     ; 78.74 MHz ( period = 12.700 ns )                    ; monster1:inst|cnt3[1]                ; monster1:inst|col_Red[3]   ; CLOCK      ; CLOCK    ; None                        ; None                      ; 10.600 ns               ;
; N/A                                     ; 78.74 MHz ( period = 12.700 ns )                    ; monster1:inst|cnt3[1]                ; monster1:inst|col_Red[4]   ; CLOCK      ; CLOCK    ; None                        ; None                      ; 10.600 ns               ;
; N/A                                     ; 78.74 MHz ( period = 12.700 ns )                    ; monster1:inst|cnt3[0]                ; monster1:inst|col_Green[2] ; CLOCK      ; CLOCK    ; None                        ; None                      ; 10.600 ns               ;
; N/A                                     ; 78.74 MHz ( period = 12.700 ns )                    ; monster1:inst|cnt3[2]                ; monster1:inst|col_Green[2] ; CLOCK      ; CLOCK    ; None                        ; None                      ; 10.600 ns               ;
; N/A                                     ; 79.37 MHz ( period = 12.600 ns )                    ; monster1:inst|cnt3[0]                ; monster1:inst|col_Red[2]   ; CLOCK      ; CLOCK    ; None                        ; None                      ; 10.500 ns               ;
; N/A                                     ; 79.37 MHz ( period = 12.600 ns )                    ; monster1:inst|cnt3[2]                ; monster1:inst|col_Red[2]   ; CLOCK      ; CLOCK    ; None                        ; None                      ; 10.500 ns               ;
; N/A                                     ; 79.37 MHz ( period = 12.600 ns )                    ; monster1:inst|cnt3[1]                ; monster1:inst|col_Green[4] ; CLOCK      ; CLOCK    ; None                        ; None                      ; 10.500 ns               ;
; N/A                                     ; 79.37 MHz ( period = 12.600 ns )                    ; monster1:inst|cnt3[0]                ; monster1:inst|col_Green[4] ; CLOCK      ; CLOCK    ; None                        ; None                      ; 10.500 ns               ;
; N/A                                     ; 79.37 MHz ( period = 12.600 ns )                    ; monster1:inst|cnt3[2]                ; monster1:inst|col_Green[4] ; CLOCK      ; CLOCK    ; None                        ; None                      ; 10.500 ns               ;
; N/A                                     ; 79.37 MHz ( period = 12.600 ns )                    ; monster1:inst|cnt2[0]                ; monster1:inst|col_Green[5] ; CLOCK      ; CLOCK    ; None                        ; None                      ; 10.500 ns               ;
; N/A                                     ; 80.00 MHz ( period = 12.500 ns )                    ; monster1:inst|cnt2[1]                ; monster1:inst|col_Red[3]   ; CLOCK      ; CLOCK    ; None                        ; None                      ; 10.400 ns               ;
; N/A                                     ; 80.00 MHz ( period = 12.500 ns )                    ; monster1:inst|cnt2[1]                ; monster1:inst|col_Red[4]   ; CLOCK      ; CLOCK    ; None                        ; None                      ; 10.400 ns               ;
; N/A                                     ; 80.65 MHz ( period = 12.400 ns )                    ; monster1:inst|cnt2[2]                ; monster1:inst|col_Red[3]   ; CLOCK      ; CLOCK    ; None                        ; None                      ; 10.300 ns               ;
; N/A                                     ; 80.65 MHz ( period = 12.400 ns )                    ; monster1:inst|cnt2[2]                ; monster1:inst|col_Red[4]   ; CLOCK      ; CLOCK    ; None                        ; None                      ; 10.300 ns               ;
; N/A                                     ; 80.65 MHz ( period = 12.400 ns )                    ; monster1:inst|cnt2[2]                ; monster1:inst|col_Red[5]   ; CLOCK      ; CLOCK    ; None                        ; None                      ; 10.300 ns               ;
; N/A                                     ; 80.65 MHz ( period = 12.400 ns )                    ; monster1:inst|cnt2[1]                ; monster1:inst|col_Red[5]   ; CLOCK      ; CLOCK    ; None                        ; None                      ; 10.300 ns               ;
; N/A                                     ; 80.65 MHz ( period = 12.400 ns )                    ; monster1:inst|cnt2[2]                ; monster1:inst|col_Green[0] ; CLOCK      ; CLOCK    ; None                        ; None                      ; 10.300 ns               ;
; N/A                                     ; 80.65 MHz ( period = 12.400 ns )                    ; monster1:inst|cnt2[1]                ; monster1:inst|col_Green[0] ; CLOCK      ; CLOCK    ; None                        ; None                      ; 10.300 ns               ;
; N/A                                     ; 80.65 MHz ( period = 12.400 ns )                    ; monster1:inst|cnt3[0]                ; monster1:inst|row_Green[4] ; CLOCK      ; CLOCK    ; None                        ; None                      ; 10.300 ns               ;
; N/A                                     ; 80.65 MHz ( period = 12.400 ns )                    ; monster1:inst|cnt3[2]                ; monster1:inst|row_Green[4] ; CLOCK      ; CLOCK    ; None                        ; None                      ; 10.300 ns               ;
; N/A                                     ; 81.30 MHz ( period = 12.300 ns )                    ; monster1:inst|cnt2[0]                ; monster1:inst|col_Red[3]   ; CLOCK      ; CLOCK    ; None                        ; None                      ; 10.200 ns               ;
; N/A                                     ; 81.30 MHz ( period = 12.300 ns )                    ; monster1:inst|cnt2[0]                ; monster1:inst|col_Red[4]   ; CLOCK      ; CLOCK    ; None                        ; None                      ; 10.200 ns               ;
; N/A                                     ; 81.30 MHz ( period = 12.300 ns )                    ; monster1:inst|cnt2[2]                ; monster1:inst|col_Green[6] ; CLOCK      ; CLOCK    ; None                        ; None                      ; 10.200 ns               ;
; N/A                                     ; 81.30 MHz ( period = 12.300 ns )                    ; monster1:inst|cnt2[1]                ; monster1:inst|col_Green[6] ; CLOCK      ; CLOCK    ; None                        ; None                      ; 10.200 ns               ;
; N/A                                     ; 81.30 MHz ( period = 12.300 ns )                    ; monster1:inst|cnt4[2]                ; monster1:inst|row_Green[0] ; CLOCK      ; CLOCK    ; None                        ; None                      ; 10.200 ns               ;
; N/A                                     ; 81.30 MHz ( period = 12.300 ns )                    ; monster1:inst|cnt4[1]                ; monster1:inst|row_Green[0] ; CLOCK      ; CLOCK    ; None                        ; None                      ; 10.200 ns               ;
; N/A                                     ; 81.30 MHz ( period = 12.300 ns )                    ; monster1:inst|cnt4[0]                ; monster1:inst|row_Green[0] ; CLOCK      ; CLOCK    ; None                        ; None                      ; 10.200 ns               ;
; N/A                                     ; 81.30 MHz ( period = 12.300 ns )                    ; monster1:inst|cnt3[0]                ; monster1:inst|row_Green[7] ; CLOCK      ; CLOCK    ; None                        ; None                      ; 10.200 ns               ;
; N/A                                     ; 81.30 MHz ( period = 12.300 ns )                    ; monster1:inst|cnt3[2]                ; monster1:inst|row_Green[7] ; CLOCK      ; CLOCK    ; None                        ; None                      ; 10.200 ns               ;
; N/A                                     ; 81.97 MHz ( period = 12.200 ns )                    ; monster1:inst|cnt4[2]                ; monster1:inst|col_Red[2]   ; CLOCK      ; CLOCK    ; None                        ; None                      ; 10.100 ns               ;
; N/A                                     ; 81.97 MHz ( period = 12.200 ns )                    ; monster1:inst|cnt4[1]                ; monster1:inst|col_Red[2]   ; CLOCK      ; CLOCK    ; None                        ; None                      ; 10.100 ns               ;
; N/A                                     ; 81.97 MHz ( period = 12.200 ns )                    ; monster1:inst|cnt4[0]                ; monster1:inst|col_Red[2]   ; CLOCK      ; CLOCK    ; None                        ; None                      ; 10.100 ns               ;
; N/A                                     ; 81.97 MHz ( period = 12.200 ns )                    ; monster1:inst|cnt4[2]                ; monster1:inst|col_Red[3]   ; CLOCK      ; CLOCK    ; None                        ; None                      ; 10.100 ns               ;
; N/A                                     ; 81.97 MHz ( period = 12.200 ns )                    ; monster1:inst|cnt4[1]                ; monster1:inst|col_Red[3]   ; CLOCK      ; CLOCK    ; None                        ; None                      ; 10.100 ns               ;
; N/A                                     ; 81.97 MHz ( period = 12.200 ns )                    ; monster1:inst|cnt4[2]                ; monster1:inst|col_Red[4]   ; CLOCK      ; CLOCK    ; None                        ; None                      ; 10.100 ns               ;
; N/A                                     ; 81.97 MHz ( period = 12.200 ns )                    ; monster1:inst|cnt4[1]                ; monster1:inst|col_Red[4]   ; CLOCK      ; CLOCK    ; None                        ; None                      ; 10.100 ns               ;
; N/A                                     ; 81.97 MHz ( period = 12.200 ns )                    ; monster1:inst|cnt4[2]                ; monster1:inst|col_Red[5]   ; CLOCK      ; CLOCK    ; None                        ; None                      ; 10.100 ns               ;
; N/A                                     ; 81.97 MHz ( period = 12.200 ns )                    ; monster1:inst|cnt4[1]                ; monster1:inst|col_Red[5]   ; CLOCK      ; CLOCK    ; None                        ; None                      ; 10.100 ns               ;
; N/A                                     ; 81.97 MHz ( period = 12.200 ns )                    ; monster1:inst|cnt4[0]                ; monster1:inst|col_Red[5]   ; CLOCK      ; CLOCK    ; None                        ; None                      ; 10.100 ns               ;
; N/A                                     ; 81.97 MHz ( period = 12.200 ns )                    ; monster1:inst|col_Green[0]           ; monster1:inst|col_Green[0] ; CLOCK      ; CLOCK    ; None                        ; None                      ; 10.100 ns               ;
; N/A                                     ; 81.97 MHz ( period = 12.200 ns )                    ; monster1:inst|cnt3[2]                ; monster1:inst|col_Green[1] ; CLOCK      ; CLOCK    ; None                        ; None                      ; 10.100 ns               ;
; N/A                                     ; 81.97 MHz ( period = 12.200 ns )                    ; monster1:inst|cnt4[2]                ; monster1:inst|col_Green[1] ; CLOCK      ; CLOCK    ; None                        ; None                      ; 10.100 ns               ;
; N/A                                     ; 81.97 MHz ( period = 12.200 ns )                    ; monster1:inst|cnt4[1]                ; monster1:inst|col_Green[1] ; CLOCK      ; CLOCK    ; None                        ; None                      ; 10.100 ns               ;
; N/A                                     ; 81.97 MHz ( period = 12.200 ns )                    ; monster1:inst|cnt4[2]                ; monster1:inst|col_Green[2] ; CLOCK      ; CLOCK    ; None                        ; None                      ; 10.100 ns               ;
; N/A                                     ; 81.97 MHz ( period = 12.200 ns )                    ; monster1:inst|cnt4[1]                ; monster1:inst|col_Green[2] ; CLOCK      ; CLOCK    ; None                        ; None                      ; 10.100 ns               ;
; N/A                                     ; 81.97 MHz ( period = 12.200 ns )                    ; monster1:inst|cnt4[0]                ; monster1:inst|col_Green[2] ; CLOCK      ; CLOCK    ; None                        ; None                      ; 10.100 ns               ;
; N/A                                     ; 81.97 MHz ( period = 12.200 ns )                    ; monster1:inst|cnt3[0]                ; monster1:inst|row_Green[5] ; CLOCK      ; CLOCK    ; None                        ; None                      ; 10.100 ns               ;
; N/A                                     ; 81.97 MHz ( period = 12.200 ns )                    ; monster1:inst|cnt3[2]                ; monster1:inst|row_Green[5] ; CLOCK      ; CLOCK    ; None                        ; None                      ; 10.100 ns               ;
; N/A                                     ; 81.97 MHz ( period = 12.200 ns )                    ; monster1:inst|cnt4[2]                ; monster1:inst|row_Green[5] ; CLOCK      ; CLOCK    ; None                        ; None                      ; 10.100 ns               ;
; N/A                                     ; 81.97 MHz ( period = 12.200 ns )                    ; monster1:inst|cnt4[1]                ; monster1:inst|row_Green[5] ; CLOCK      ; CLOCK    ; None                        ; None                      ; 10.100 ns               ;
; N/A                                     ; 81.97 MHz ( period = 12.200 ns )                    ; monster1:inst|cnt4[0]                ; monster1:inst|row_Green[5] ; CLOCK      ; CLOCK    ; None                        ; None                      ; 10.100 ns               ;
; N/A                                     ; 82.64 MHz ( period = 12.100 ns )                    ; monster1:inst|cnt3[0]                ; monster1:inst|col_Green[5] ; CLOCK      ; CLOCK    ; None                        ; None                      ; 10.000 ns               ;
; N/A                                     ; 82.64 MHz ( period = 12.100 ns )                    ; monster1:inst|cnt3[2]                ; monster1:inst|col_Green[5] ; CLOCK      ; CLOCK    ; None                        ; None                      ; 10.000 ns               ;
; N/A                                     ; 82.64 MHz ( period = 12.100 ns )                    ; monster1:inst|cnt3[0]                ; monster1:inst|row_Green[1] ; CLOCK      ; CLOCK    ; None                        ; None                      ; 10.000 ns               ;
; N/A                                     ; 82.64 MHz ( period = 12.100 ns )                    ; monster1:inst|cnt3[2]                ; monster1:inst|row_Green[1] ; CLOCK      ; CLOCK    ; None                        ; None                      ; 10.000 ns               ;
; N/A                                     ; 82.64 MHz ( period = 12.100 ns )                    ; monster1:inst|cnt4[2]                ; monster1:inst|row_Green[3] ; CLOCK      ; CLOCK    ; None                        ; None                      ; 10.000 ns               ;
; N/A                                     ; 82.64 MHz ( period = 12.100 ns )                    ; monster1:inst|cnt4[1]                ; monster1:inst|row_Green[3] ; CLOCK      ; CLOCK    ; None                        ; None                      ; 10.000 ns               ;
; N/A                                     ; 82.64 MHz ( period = 12.100 ns )                    ; monster1:inst|cnt4[0]                ; monster1:inst|row_Green[3] ; CLOCK      ; CLOCK    ; None                        ; None                      ; 10.000 ns               ;
; N/A                                     ; 83.33 MHz ( period = 12.000 ns )                    ; monster1:inst|cnt4[2]                ; monster1:inst|col_Green[3] ; CLOCK      ; CLOCK    ; None                        ; None                      ; 9.900 ns                ;
; N/A                                     ; 83.33 MHz ( period = 12.000 ns )                    ; monster1:inst|cnt4[1]                ; monster1:inst|col_Green[3] ; CLOCK      ; CLOCK    ; None                        ; None                      ; 9.900 ns                ;
; N/A                                     ; 83.33 MHz ( period = 12.000 ns )                    ; monster1:inst|cnt4[0]                ; monster1:inst|col_Green[3] ; CLOCK      ; CLOCK    ; None                        ; None                      ; 9.900 ns                ;
; N/A                                     ; 83.33 MHz ( period = 12.000 ns )                    ; monster1:inst|cnt4[2]                ; monster1:inst|col_Green[4] ; CLOCK      ; CLOCK    ; None                        ; None                      ; 9.900 ns                ;
; N/A                                     ; 83.33 MHz ( period = 12.000 ns )                    ; monster1:inst|cnt4[1]                ; monster1:inst|col_Green[4] ; CLOCK      ; CLOCK    ; None                        ; None                      ; 9.900 ns                ;
; N/A                                     ; 83.33 MHz ( period = 12.000 ns )                    ; monster1:inst|cnt4[0]                ; monster1:inst|col_Green[4] ; CLOCK      ; CLOCK    ; None                        ; None                      ; 9.900 ns                ;
; N/A                                     ; 83.33 MHz ( period = 12.000 ns )                    ; monster1:inst|col_Green[5]           ; monster1:inst|col_Green[5] ; CLOCK      ; CLOCK    ; None                        ; None                      ; 9.900 ns                ;
; N/A                                     ; 83.33 MHz ( period = 12.000 ns )                    ; monster1:inst|col_Green[6]           ; monster1:inst|col_Green[6] ; CLOCK      ; CLOCK    ; None                        ; None                      ; 9.900 ns                ;
; N/A                                     ; 83.33 MHz ( period = 12.000 ns )                    ; monster1:inst|cnt4[2]                ; monster1:inst|col_Green[7] ; CLOCK      ; CLOCK    ; None                        ; None                      ; 9.900 ns                ;
; N/A                                     ; 83.33 MHz ( period = 12.000 ns )                    ; monster1:inst|cnt4[1]                ; monster1:inst|col_Green[7] ; CLOCK      ; CLOCK    ; None                        ; None                      ; 9.900 ns                ;
; N/A                                     ; 83.33 MHz ( period = 12.000 ns )                    ; monster1:inst|cnt4[0]                ; monster1:inst|col_Green[7] ; CLOCK      ; CLOCK    ; None                        ; None                      ; 9.900 ns                ;
; N/A                                     ; 83.33 MHz ( period = 12.000 ns )                    ; monster1:inst|cnt4[2]                ; monster1:inst|row_Green[1] ; CLOCK      ; CLOCK    ; None                        ; None                      ; 9.900 ns                ;
; N/A                                     ; 83.33 MHz ( period = 12.000 ns )                    ; monster1:inst|cnt4[1]                ; monster1:inst|row_Green[1] ; CLOCK      ; CLOCK    ; None                        ; None                      ; 9.900 ns                ;
; N/A                                     ; 83.33 MHz ( period = 12.000 ns )                    ; monster1:inst|cnt4[0]                ; monster1:inst|row_Green[1] ; CLOCK      ; CLOCK    ; None                        ; None                      ; 9.900 ns                ;
; N/A                                     ; 83.33 MHz ( period = 12.000 ns )                    ; monster1:inst|cnt3[0]                ; monster1:inst|row_Green[3] ; CLOCK      ; CLOCK    ; None                        ; None                      ; 9.900 ns                ;
; N/A                                     ; 83.33 MHz ( period = 12.000 ns )                    ; monster1:inst|cnt3[2]                ; monster1:inst|row_Green[3] ; CLOCK      ; CLOCK    ; None                        ; None                      ; 9.900 ns                ;
; Timing analysis restricted to 200 rows. ; To change the limit use Settings (Assignments menu) ;                                      ;                            ;            ;          ;                             ;                           ;                         ;
+-----------------------------------------+-----------------------------------------------------+--------------------------------------+----------------------------+------------+----------+-----------------------------+---------------------------+-------------------------+


+----------------------------------------------------------------------------------------+
; tco                                                                                    ;
+-------+--------------+------------+----------------------------+----------+------------+
; Slack ; Required tco ; Actual tco ; From                       ; To       ; From Clock ;
+-------+--------------+------------+----------------------------+----------+------------+
; N/A   ; None         ; 18.900 ns  ; monster1:inst|row_Green[7] ; ROW_S[7] ; CLOCK      ;
; N/A   ; None         ; 18.800 ns  ; monster1:inst|row_Green[6] ; ROW_S[6] ; CLOCK      ;
; N/A   ; None         ; 18.600 ns  ; monster1:inst|row_Green[4] ; ROW_S[4] ; CLOCK      ;
; N/A   ; None         ; 18.600 ns  ; monster1:inst|row_Green[3] ; ROW_S[3] ; CLOCK      ;
; N/A   ; None         ; 18.600 ns  ; monster1:inst|col_Red[4]   ; COL[4]   ; CLOCK      ;
; N/A   ; None         ; 18.600 ns  ; monster1:inst|col_Red[3]   ; COL[3]   ; CLOCK      ;
; N/A   ; None         ; 18.500 ns  ; monster1:inst|row_Green[5] ; ROW_S[5] ; CLOCK      ;
; N/A   ; None         ; 18.500 ns  ; monster1:inst|row_Green[1] ; ROW_S[1] ; CLOCK      ;
; N/A   ; None         ; 18.500 ns  ; monster1:inst|col_Red[2]   ; COL[2]   ; CLOCK      ;
; N/A   ; None         ; 18.300 ns  ; monster1:inst|row_Green[2] ; ROW_S[2] ; CLOCK      ;
; N/A   ; None         ; 18.300 ns  ; monster1:inst|row_Green[0] ; ROW_S[0] ; CLOCK      ;
; N/A   ; None         ; 17.800 ns  ; monster1:inst|col_Green[7] ; COL_S[7] ; CLOCK      ;
; N/A   ; None         ; 17.800 ns  ; monster1:inst|col_Green[6] ; COL_S[6] ; CLOCK      ;
; N/A   ; None         ; 17.800 ns  ; monster1:inst|col_Green[5] ; COL_S[5] ; CLOCK      ;
; N/A   ; None         ; 17.800 ns  ; monster1:inst|col_Green[4] ; COL_S[4] ; CLOCK      ;
; N/A   ; None         ; 17.800 ns  ; monster1:inst|col_Green[3] ; COL_S[3] ; CLOCK      ;
; N/A   ; None         ; 17.800 ns  ; monster1:inst|col_Green[2] ; COL_S[2] ; CLOCK      ;
; N/A   ; None         ; 17.800 ns  ; monster1:inst|col_Green[1] ; COL_S[1] ; CLOCK      ;
; N/A   ; None         ; 17.800 ns  ; monster1:inst|col_Green[0] ; COL_S[0] ; CLOCK      ;
; N/A   ; None         ; 17.800 ns  ; monster1:inst|col_Red[5]   ; COL[5]   ; CLOCK      ;
+-------+--------------+------------+----------------------------+----------+------------+


+--------------------------+
; Timing Analyzer Messages ;
+--------------------------+
Info: *******************************************************************
Info: Running Quartus II Classic Timing Analyzer
    Info: Version 7.2 Build 203 02/05/2008 Service Pack 2 SJ Web Edition
    Info: Processing started: Thu Jun 07 20:13:13 2018
Info: Command: quartus_tan --read_settings_files=off --write_settings_files=off 8X8 -c 8X8
Info: Started post-fitting delay annotation
Info: Delay annotation completed successfully
Warning: Found pins functioning as undefined clocks and/or memory enables
    Info: Assuming node "CLOCK" is an undefined clock
Warning: Found 8 node(s) in clock paths which may be acting as ripple and/or gated clocks -- node(s) analyzed as buffer(s) resulting in clock skew
    Info: Detected ripple clock "clk_gen:inst3|div10_t:inst|2" as buffer
    Info: Detected ripple clock "clk_gen:inst3|div10_t:inst1|2" as buffer
    Info: Detected ripple clock "clk_gen:inst3|div10_t:inst2|2" as buffer
    Info: Detected ripple clock "clk_gen:inst3|div10_t:inst3|2" as buffer
    Info: Detected ripple clock "clk_gen:inst3|div10_t:inst4|2" as buffer
    Info: Detected ripple clock "clk_gen:inst3|div10_t:inst5|2" as buffer
    Info: Detected ripple clock "clk_gen:inst3|div10_t:inst6|2" as buffer
    Info: Detected ripple clock "scanf_gen:inst1|PULSE" as buffer
Info: Clock "CLOCK" has Internal fmax of 34.01 MHz between source register "loopcountingg:inst2|present_state[1]" and destination register "monster1:inst|cnt4[2]" (period= 29.4 ns)
    Info: + Longest register to register delay is 11.900 ns
        Info: 1: + IC(0.000 ns) + CELL(0.000 ns) = 0.000 ns; Loc. = LC1_F6; Fanout = 42; REG Node = 'loopcountingg:inst2|present_state[1]'
        Info: 2: + IC(2.600 ns) + CELL(2.200 ns) = 4.800 ns; Loc. = LC1_F7; Fanout = 29; COMB Node = 'monster1:inst|Equal0~15'
        Info: 3: + IC(2.700 ns) + CELL(2.200 ns) = 9.700 ns; Loc. = LC8_F10; Fanout = 3; COMB Node = 'monster1:inst|cnt4[2]~60'
        Info: 4: + IC(0.200 ns) + CELL(2.000 ns) = 11.900 ns; Loc. = LC3_F10; Fanout = 15; REG Node = 'monster1:inst|cnt4[2]'
        Info: Total cell delay = 6.400 ns ( 53.78 % )
        Info: Total interconnect delay = 5.500 ns ( 46.22 % )
    Info: - Smallest clock skew is -15.400 ns
        Info: + Shortest clock path from clock "CLOCK" to destination register is 8.300 ns
            Info: 1: + IC(0.000 ns) + CELL(1.400 ns) = 1.400 ns; Loc. = PIN_55; Fanout = 12; CLK Node = 'CLOCK'
            Info: 2: + IC(2.200 ns) + CELL(0.700 ns) = 4.300 ns; Loc. = LC1_B12; Fanout = 33; REG Node = 'scanf_gen:inst1|PULSE'
            Info: 3: + IC(4.000 ns) + CELL(0.000 ns) = 8.300 ns; Loc. = LC3_F10; Fanout = 15; REG Node = 'monster1:inst|cnt4[2]'
            Info: Total cell delay = 2.100 ns ( 25.30 % )
            Info: Total interconnect delay = 6.200 ns ( 74.70 % )
        Info: - Longest clock path from clock "CLOCK" to source register is 23.700 ns
            Info: 1: + IC(0.000 ns) + CELL(1.400 ns) = 1.400 ns; Loc. = PIN_55; Fanout = 12; CLK Node = 'CLOCK'
            Info: 2: + IC(2.200 ns) + CELL(0.700 ns) = 4.300 ns; Loc. = LC1_A34; Fanout = 6; REG Node = 'clk_gen:inst3|div10_t:inst|2'
            Info: 3: + IC(1.800 ns) + CELL(0.700 ns) = 6.800 ns; Loc. = LC1_A28; Fanout = 6; REG Node = 'clk_gen:inst3|div10_t:inst1|2'
            Info: 4: + IC(1.700 ns) + CELL(0.700 ns) = 9.200 ns; Loc. = LC2_A24; Fanout = 6; REG Node = 'clk_gen:inst3|div10_t:inst2|2'
            Info: 5: + IC(1.800 ns) + CELL(0.700 ns) = 11.700 ns; Loc. = LC1_A30; Fanout = 6; REG Node = 'clk_gen:inst3|div10_t:inst3|2'
            Info: 6: + IC(1.800 ns) + CELL(0.700 ns) = 14.200 ns; Loc. = LC1_A23; Fanout = 6; REG Node = 'clk_gen:inst3|div10_t:inst4|2'
            Info: 7: + IC(1.600 ns) + CELL(0.700 ns) = 16.500 ns; Loc. = LC2_A20; Fanout = 6; REG Node = 'clk_gen:inst3|div10_t:inst5|2'
            Info: 8: + IC(1.800 ns) + CELL(0.700 ns) = 19.000 ns; Loc. = LC3_A26; Fanout = 4; REG Node = 'clk_gen:inst3|div10_t:inst6|2'
            Info: 9: + IC(4.700 ns) + CELL(0.000 ns) = 23.700 ns; Loc. = LC1_F6; Fanout = 42; REG Node = 'loopcountingg:inst2|present_state[1]'
            Info: Total cell delay = 6.300 ns ( 26.58 % )
            Info: Total interconnect delay = 17.400 ns ( 73.42 % )
    Info: + Micro clock to output delay of source is 0.700 ns
    Info: + Micro setup delay of destination is 1.400 ns
Info: tco from clock "CLOCK" to destination pin "ROW_S[7]" through register "monster1:inst|row_Green[7]" is 18.900 ns
    Info: + Longest clock path from clock "CLOCK" to source register is 8.300 ns
        Info: 1: + IC(0.000 ns) + CELL(1.400 ns) = 1.400 ns; Loc. = PIN_55; Fanout = 12; CLK Node = 'CLOCK'
        Info: 2: + IC(2.200 ns) + CELL(0.700 ns) = 4.300 ns; Loc. = LC1_B12; Fanout = 33; REG Node = 'scanf_gen:inst1|PULSE'
        Info: 3: + IC(4.000 ns) + CELL(0.000 ns) = 8.300 ns; Loc. = LC1_F15; Fanout = 2; REG Node = 'monster1:inst|row_Green[7]'
        Info: Total cell delay = 2.100 ns ( 25.30 % )
        Info: Total interconnect delay = 6.200 ns ( 74.70 % )
    Info: + Micro clock to output delay of source is 0.700 ns
    Info: + Longest register to pin delay is 9.900 ns
        Info: 1: + IC(0.000 ns) + CELL(0.000 ns) = 0.000 ns; Loc. = LC1_F15; Fanout = 2; REG Node = 'monster1:inst|row_Green[7]'
        Info: 2: + IC(3.600 ns) + CELL(6.300 ns) = 9.900 ns; Loc. = PIN_97; Fanout = 0; PIN Node = 'ROW_S[7]'
        Info: Total cell delay = 6.300 ns ( 63.64 % )
        Info: Total interconnect delay = 3.600 ns ( 36.36 % )
Info: Quartus II Classic Timing Analyzer was successful. 0 errors, 2 warnings
    Info: Allocated 158 megabytes of memory during processing
    Info: Processing ended: Thu Jun 07 20:13:13 2018
    Info: Elapsed time: 00:00:00


